------------------------------------------------------------
Timing Analyzer Summary
------------------------------------------------------------

Type  : Slow 1100mV 85C Model Setup 'KEY[0]'
Slack : -0.541
TNS   : -2.687

Type  : Slow 1100mV 85C Model Hold 'KEY[0]'
Slack : 0.375
TNS   : 0.000

Type  : Slow 1100mV 85C Model Minimum Pulse Width 'KEY[0]'
Slack : -0.394
TNS   : -5.549

Type  : Slow 1100mV 0C Model Setup 'KEY[0]'
Slack : -0.572
TNS   : -2.932

Type  : Slow 1100mV 0C Model Hold 'KEY[0]'
Slack : 0.391
TNS   : 0.000

Type  : Slow 1100mV 0C Model Minimum Pulse Width 'KEY[0]'
Slack : -0.394
TNS   : -5.064

Type  : Fast 1100mV 85C Model Setup 'KEY[0]'
Slack : 0.111
TNS   : 0.000

Type  : Fast 1100mV 85C Model Hold 'KEY[0]'
Slack : 0.181
TNS   : 0.000

Type  : Fast 1100mV 85C Model Minimum Pulse Width 'KEY[0]'
Slack : -0.338
TNS   : -2.896

Type  : Fast 1100mV 0C Model Setup 'KEY[0]'
Slack : 0.162
TNS   : 0.000

Type  : Fast 1100mV 0C Model Hold 'KEY[0]'
Slack : 0.172
TNS   : 0.000

Type  : Fast 1100mV 0C Model Minimum Pulse Width 'KEY[0]'
Slack : -0.317
TNS   : -2.704

------------------------------------------------------------
